agent.py: Numba search successfully imported and active.
agent.py: Numba search successfully imported and active.
engine snapshot: /Users/dannybudiada/Desktop/AIChessHackathon/aichessathon/tools/scratch/longgame-snap
  7d29bc31396ff3d2819d9dbdb6aa42ac1aa0c72e9a3010a554259167b04c35fa  agent.py
  8db41e93b7d4efbb80fb3f987e1d8aca920ec41829762192a7701fac5dae8a37  search.py
  88d79da47ab3ce15233b2153d522148b7a218e834875f28c0a96a55aeb0b16ee  nsearch.py
  d6bb8861c91cd3f59bd4269b07140144482d87c84f4c72148117b8cf93140149  bitboard.py
  c7776dff84ad726ef99787f7a3efb5acd0ee3d980edf5d590117282b2dbbee99  evaluation.py
python 3.13.5  chess 1.11.2
CHESSATHON_REQUIRE_NUMBA=1  USE_NUMBA_SEARCH=None
Warming up Numba JIT...
Warmup complete.
import + JIT: 10.3s   rss 310 MB
start fen : r2qkb1r/1p3ppp/p1npbn2/4p1B1/4P3/N1N2P2/PPP3PP/R2QKB1R b KQkq - 3 9
ply cap   : 600   claim_draw=False
numba     : white=True black=True

 ply   mv side   clock_in   budget     used  ratio  clock_out   d     nodes  ttocc%     rss   cnt
   0    9 black   120.00s    5800m    7270m   1.25    112.73s  10  17473531   7.84%    592M     1
   1   10 white   120.00s    5800m    3681m   0.63    116.32s  10   8957689   3.92%    591M     1
   2   10 black   113.23s    5495m    5490m   1.00    107.74s  10  13504687   9.71%    524M     2
   3   11 white   116.82s    5657m    5545m   0.98    111.27s  11  14072984  15.59%    437M     2
   4   11 black   108.24s    5271m    4634m   0.88    103.61s  11  12188833  20.61%    404M     3
   5   12 white   111.77s    5430m    4620m   0.85    107.15s  11  12485483  25.09%    382M     3
   6   12 black   104.11s    5085m    3441m   0.68    100.66s  10   9156684  28.39%    384M     4
   7   13 white   107.65s    5244m    4056m   0.77    103.60s  10  10368742  32.06%    379M     4
   8   13 black   101.16s    4952m    4234m   0.86     96.93s  10  11090904  35.90%    381M     5
   9   14 white   104.10s    5084m    2914m   0.57    101.18s   9   7353236  38.44%    381M     5
  10   14 black    97.43s    4784m    3926m   0.82     93.50s  12  10771318  41.52%    384M     6
  11   15 white   101.68s    4976m    5460m   1.10     96.22s  12  15253940  45.83%    383M     6
  12   15 black    94.00s    4630m   14194m   3.07     79.81s  12  38797187  56.22%    381M     7
  20   19 black    71.96s    3638m    3069m   0.84     68.89s  11   8767176  69.93%    384M    11
  30   24 black    59.48s    3077m    4764m   1.55     54.71s  12  13254899  80.29%    383M    16
  32   25 black    55.21s    2885m    3785m   1.31     51.43s  11  10236264  82.51%    380M    17
  40   29 black    46.95s    2513m    2183m   0.87     44.77s  12   6188320  87.35%    383M    21
  50   34 black    40.35s    2216m    1917m   0.87     38.43s  13   5220041  91.11%    384M    26
  51   35 white    53.35s    2801m    3420m   1.22     49.93s  13   9262554  91.63%    385M    26
  60   39 black    33.30s    1899m    1405m   0.74     31.90s  11   3724324  93.63%    385M    31
  61   40 white    44.17s    2388m    2551m   1.07     41.62s  11   7064983  93.90%    385M    31
  66   42 black    30.59s    1777m    2020m   1.14     28.57s  14   5630574  94.76%    383M    34
  68   43 black    29.07s    1708m    1830m   1.07     27.24s  15   5149293  95.04%    384M    35
  69   44 white    38.21s    2119m    3046m   1.44     35.16s  15   8700355  95.31%    383M    35
  70   44 black    27.74s    1649m    2174m   1.32     25.57s  16   6399325  95.50%    384M    36
  72   45 black    26.07s    1573m    1897m   1.21     24.17s  14   5480124  95.80%    384M    37
  76   47 black    24.11s    1485m    1580m   1.06     22.53s  15   4534543  96.17%    384M    39
  80   49 black    22.34s    1405m    2226m   1.58     20.11s  15   6330258  96.61%    384M    40
  85   52 white    28.88s    1700m    2359m   1.39     26.52s  15   6645875  97.00%    385M    41
  86   52 black    19.18s    1263m    1672m   1.32     17.51s  15   4777432  97.09%    385M    41
  -- the real referee would have stopped here: ply 87 threefold_repetition; the clock instrument continues
  90   54 black    17.32s    1180m     724m   0.61     16.60s  15   2015942  97.32%    385M    41
  92   55 black    17.10s    1169m    1383m   1.18     15.72s  16   3775238  97.45%    385M    41
  94   56 black    16.22s    1130m    1517m   1.34     14.70s  16   4329474  97.56%    386M    41
  99   59 white    22.20s    1399m    1924m   1.38     20.27s  17   5505184  97.82%    385M    41
 100   59 black    14.26s    1042m     972m   0.93     13.29s  16   2578334  97.86%    385M    41
 101   60 white    20.77s    1335m    1437m   1.08     19.34s  16   3967903  97.91%    385M    41
 105   62 white    19.56s    1280m    1768m   1.38     17.79s  15   5085326  98.06%    384M    41
 108   63 black    12.77s     975m    2753m   2.82     10.02s  17   7801724  98.22%    382M    41
 110   64 black    10.52s     873m     767m   0.88      9.75s  16   2167924  98.26%    384M    41
 114   66 black    10.08s     854m    1269m   1.49      8.81s  17   3646923  98.38%    385M    41
 116   67 black     9.31s     819m    1287m   1.57      8.03s  17   3449768  98.44%    385M    41
 117   68 white    15.84s    1113m    1156m   1.04     14.69s  16   3259774  98.46%    385M    41
 118   68 black     8.53s     784m    1717m   2.19      6.81s  17   4815207  98.51%    384M    41
 120   69 black     7.31s     729m    1697m   2.33      5.61s  17   4652290  98.58%    384M    41
 125   72 white    13.76s    1019m    1381m   1.35     12.38s  12   3789058  98.68%    385M    43
 130   74 black     5.87s     664m     504m   0.76      5.37s  11   1392389  98.75%    385M    46
 137   78 white    11.36s     911m    1281m   1.41     10.08s  13   3654584  98.86%    385M    49
 139   79 white    10.58s     876m    1039m   1.19      9.54s  13   2967171  98.89%    385M    50
 140   79 black     5.55s     650m     923m   1.42      4.63s  14   2703088  98.91%    382M    51
 142   80 black     5.13s     631m     888m   1.41      4.24s  13   2521350  98.94%    382M    52
 144   81 black     4.74s     613m     523m   0.85      4.22s  13   1429989  98.96%    384M    53
 146   82 black     4.72s     612m    1040m   1.70      3.68s  13   2875793  98.99%    384M    54
 148   83 black     4.18s     588m    1229m   2.09      2.95s  14   3424070  99.02%    385M    55
 149   84 white     9.74s     838m    1444m   1.72      8.29s  14   3889494  99.05%    385M    55
 150   84 black     3.45s     555m     524m   0.94      2.93s  13   1443051  99.06%    385M    56
 151   85 white     8.79s     796m    1748m   2.20      7.04s  13   4801998  99.09%    385M    56
 152   85 black     3.43s     554m     313m   0.56      3.11s  11    805705  99.09%    385M    57
 153   86 white     7.54s     739m     915m   1.24      6.63s  11   2399650  99.11%    385M    57
 154   86 black     3.61s     563m     482m   0.86      3.13s  12   1260126  99.11%    385M    58
 156   87 black     3.63s     563m     345m   0.61      3.29s  13    918230  99.12%    386M    59
 158   88 black     3.79s     570m     427m   0.75      3.36s  13   1262803  99.14%    386M    60
 160   89 black     3.86s     574m     480m   0.84      3.38s  13   1364785  99.15%    386M    61
 162   90 black     3.88s     575m     330m   0.57      3.55s  15    939069  99.16%    386M    62
 164   91 black     4.05s     582m    1221m   2.10      2.83s  15   3674181  99.18%    385M    63
 166   92 black     3.33s     550m     327m   0.59      3.00s  16    880342  99.20%    384M    63
 167   93 white     6.87s     709m     778m   1.10      6.10s  16   2284016  99.21%    384M    62
 168   93 black     3.50s     558m     480m   0.86      3.02s  16   1363890  99.21%    384M    63
 170   94 black     3.52s     559m     490m   0.88      3.03s  17   1298273  99.22%    385M    64
 172   95 black     3.53s     559m     458m   0.82      3.07s  17   1293407  99.23%    383M    65
 174   96 black     3.57s     561m     398m   0.71      3.18s  18   1154149  99.24%    381M    66
 176   97 black     3.68s     565m     563m   1.00      3.11s  18   1667018  99.25%    381M    67
 178   98 black     3.61s     563m     531m   0.94      3.08s  19   1628068  99.26%    381M    68
 180   99 black     3.58s     561m     485m   0.86      3.10s  18   1483820  99.27%    381M    69
 182  100 black     3.60s     562m     562m   1.00      3.04s  18   1719602  99.28%    384M    70
 184  101 black     3.54s     559m     309m   0.55      3.23s  23    967616  99.29%    384M    71
 186  102 black     3.73s     568m     318m   0.56      3.41s  25   1165938  99.29%    385M    72
 188  103 black     3.91s     576m     492m   0.85      3.42s  28   1666304  99.29%    387M    73
 190  104 black     3.92s     576m     492m   0.85      3.43s  28   1730638  99.30%    387M    74
 192  105 black     3.93s     577m     307m   0.53      3.62s  25   1064406  99.30%    387M    75
 194  106 black     4.12s     585m     435m   0.74      3.68s  31   1620911  99.30%    387M    76
 196  107 black     4.18s     588m     508m   0.86      3.68s  32   1798752  99.30%    387M    77
 198  108 black     4.18s     588m     508m   0.86      3.67s  33   1841874  99.31%    387M    78
 200  109 black     4.17s     588m     316m   0.54      3.85s  34   1084503  99.31%    387M    79
 202  110 black     4.35s     596m     641m   1.08      3.71s  34   2313722  99.31%    387M    80
 204  111 black     4.21s     589m     875m   1.49      3.34s  34   3195570  99.31%    387M    81
 205  112 white     6.27s     682m     876m   1.28      5.40s  34   3237353  99.31%    387M    79
 206  112 black     3.84s     573m     401m   0.70      3.43s  34   1352992  99.32%    387M    81
 208  113 black     3.93s     577m     312m   0.54      3.62s  30   1073671  99.32%    387M    82
 209  114 white     6.02s     671m     904m   1.35      5.12s  35   3232488  99.32%    387M    80
 210  114 black     4.12s     586m     600m   1.02      3.52s  35   2099674  99.32%    387M    82
 211  115 white     5.62s     653m    1987m   3.04      3.63s  38   7450843  99.32%    387M    80
 212  115 black     4.02s     581m     312m   0.54      3.71s  39   1116094  99.32%    387M    82
 213  116 white     4.13s     586m    1670m   2.85      2.46s  37   6300593  99.33%    387M    80
 214  116 black     4.21s     589m     513m   0.87      3.70s  37   1742452  99.33%    387M    82
 215  117 white     2.96s     200m       0m   0.00      2.96s   0        25  99.33%    387M    80
 216  117 black     4.20s     589m     312m   0.53      3.89s  40   1121189  99.33%    387M    82
 217  118 white     3.46s     556m    3416m   6.15      0.04s  38  13250074  99.33%    388M    80
 218  118 black     4.39s     597m     616m   1.03      3.77s  38   2278631  99.33%    388M    82
 219  119 white     0.54s      54m       0m   0.01      0.54s   0        25  99.33%    388M    80
 220  119 black     4.27s     592m     381m   0.64      3.89s  41   1385054  99.33%    388M    82
 221  120 white     1.04s     104m       0m   0.00      1.04s   0        20  99.33%    388M    80
 222  120 black     4.39s     597m     519m   0.87      3.87s  38   1990457  99.33%    388M    82
 223  121 white     1.54s     154m       0m   0.00      1.54s   0        24  99.33%    388M    80
 224  121 black     4.37s     597m    1352m   2.27      3.02s  42   5043900  99.34%    388M    82
 225  122 white     2.04s     200m       0m   0.00      2.04s   0        20  99.34%    388M    80
 226  122 black     3.52s     558m     320m   0.57      3.20s  37   1223051  99.34%    388M    82
 227  123 white     2.54s     200m       0m   0.00      2.54s   0        24  99.34%    388M    80
 228  123 black     3.70s     566m    1803m   3.18      1.89s  43   7101271  99.34%    388M    82
 229  124 white     3.04s     537m    1662m   3.10      1.38s  39   6305362  99.34%    388M    80
 230  124 black     2.39s     200m       1m   0.00      2.39s   0        20  99.34%    388M    82
 231  125 white     1.88s     188m       0m   0.00      1.88s   0        25  99.34%    388M    80
 232  125 black     2.89s     200m       0m   0.00      2.89s   0        18  99.34%    388M    82
 233  126 white     2.38s     200m       0m   0.00      2.38s   0        23  99.34%    388M    80
 234  126 black     3.39s     553m    1527m   2.76      1.87s  39   4898835  99.35%    388M    82
 235  127 white     2.88s     200m       1m   0.00      2.88s   0        27  99.35%    388M    80
 236  127 black     2.37s     200m       0m   0.00      2.37s   0        18  99.35%    388M    82
 237  128 white     3.38s     552m     283m   0.51      3.10s  32   1080075  99.35%    388M    80
 238  128 black     2.87s     200m       0m   0.00      2.87s   0        20  99.35%    388M    82
 239  129 white     3.60s     562m     362m   0.64      3.23s  44   1354122  99.35%    388M    80

ended     : FLAG (black)   plies=241   result=1/2-1/2
referee would have stopped at: (87, 'threefold_repetition')
fell back to python mid-game: False
  white: clock left    3.73s   min clock    0.04s   used  97.9% of 180.2s
  black: clock left   -1.02s   min clock   -1.02s   used 100.6% of 180.2s
worst overshoot ratio: 6.15x  at ply 217  used 3416 ms against budget 556 ms
  fen: 8/8/5K2/3bB3/8/5k2/8/8 w - - 32 118
tt occupancy end: 99.35%   white counter 80   black counter 82
rss now 388 MB   peak rss 592 MB   ru_maxrss 593 MB   (limit 2048 MB)
wrote /Users/dannybudiada/Desktop/AIChessHackathon/aichessathon/runs/2026-09-09-longgame/trajectory-numba.csv

position     clock   budget     used   ratio   overrun   d   move
middlegame    3100     540m   319.8m    0.59  -2780.2m   7   c5d4
middlegame    3000     535m   298.5m    0.56  -2701.5m   7   c5d4
middlegame    2999     200m     2.3m    0.01  -2996.7m   0   f8d6
middlegame    2000     200m     2.2m    0.01  -1997.8m   0   f8d6
middlegame    1000     100m     2.2m    0.02   -997.8m   0   f8d6
middlegame     500      50m     2.2m    0.04   -497.8m   0   f8d6
middlegame     200      20m     2.2m    0.11   -197.8m   0   f8d6
middlegame     100      10m     2.2m    0.22    -97.8m   0   f8d6
middlegame      50       5m     2.2m    0.44    -47.8m   0   f8d6
middlegame      10       1m     2.2m    2.22     -7.8m   0   f8d6
middlegame       1       0m     2.2m   21.70     +1.2m   0   c5c4  FLAG
middlegame       0       0m     2.1m     inf     +2.1m   0   c5c4  FLAG
sharp         3100     540m   274.3m    0.51  -2825.7m   7   c3d5
sharp         3000     535m   273.0m    0.51  -2727.0m   7   c3d5
sharp         2999     200m     2.3m    0.01  -2996.7m   0   c3d5
sharp         2000     200m     2.2m    0.01  -1997.8m   0   c3d5
sharp         1000     100m     2.2m    0.02   -997.8m   0   c3d5
sharp          500      50m     2.2m    0.04   -497.8m   0   c3d5
sharp          200      20m     2.2m    0.11   -197.8m   0   c3d5
sharp          100      10m     2.2m    0.22    -97.8m   0   c3d5
sharp           50       5m     2.2m    0.44    -47.8m   0   c3d5
sharp           10       1m     2.2m    2.20     -7.8m   0   c3d5
sharp            1       0m     2.2m   21.66     +1.2m   0   a2a3  FLAG
sharp            0       0m     2.1m     inf     +2.1m   0   a2a3  FLAG
krk           3100     540m   372.3m    0.69  -2727.7m  12   e8e4
krk           3000     535m   368.2m    0.69  -2631.8m  12   e8e4
krk           2999     200m     2.2m    0.01  -2996.8m   0   f5f6
krk           2000     200m     2.2m    0.01  -1997.8m   0   f5f6
krk           1000     100m     2.2m    0.02   -997.8m   0   f5f6
krk            500      50m     2.1m    0.04   -497.9m   0   f5f6
krk            200      20m     2.1m    0.11   -197.9m   0   f5f6
krk            100      10m     2.1m    0.21    -97.9m   0   f5f6
krk             50       5m     2.1m    0.43    -47.9m   0   f5f6
krk             10       1m     2.1m    2.15     -7.9m   0   f5f6
krk              1       0m     2.1m   21.43     +1.1m   0   f5f6  FLAG
krk              0       0m     2.1m     inf     +2.1m   0   e8e1  FLAG

slowest small-clock reply: 372.3 ms  (krk @ 3100 ms)
=== LONGGAME DONE Thu Sep 10 19:23:17 BST 2026 ===
