game 1/40: white by checkmate
game 2/40: black by checkmate
game 3/40: white by checkmate
game 4/40: black by checkmate
game 5/40: white by checkmate
game 6/40: black by checkmate
game 7/40: white by checkmate
game 8/40: draw by threefold_repetition
game 9/40: white by checkmate
game 10/40: black by checkmate
game 11/40: white by checkmate
game 12/40: black by checkmate
game 13/40: white by checkmate
game 14/40: black by checkmate
game 15/40: white by checkmate
game 16/40: black by checkmate
game 17/40: white by checkmate
game 18/40: black by checkmate
game 19/40: white by checkmate
game 20/40: black by checkmate
game 21/40: white by checkmate
game 22/40: black by checkmate
game 23/40: white by checkmate
game 24/40: black by checkmate
game 25/40: white by checkmate
game 26/40: black by checkmate
game 27/40: white by checkmate
game 28/40: black by checkmate
game 29/40: white by checkmate
game 30/40: black by checkmate
game 31/40: white by checkmate
game 32/40: black by checkmate
game 33/40: white by checkmate
game 34/40: black by checkmate
game 35/40: white by checkmate
game 36/40: black by checkmate
game 37/40: white by checkmate
game 38/40: black by checkmate
game 39/40: white by checkmate
game 40/40: black by checkmate

versions/v2-morphy vs versions/v1-philidor over 40 games
+39 =1 -0, score 98.8%
terminations: checkmate 39, threefold_repetition 1
